// Jest Snapshot v1, https://goo.gl/fbAQLP

exports[`PhotoList is rendering snapshot renders 1`] = `
<DocumentFragment>
  <div>
    <div>
      <div
        class="flex-row"
      />
    </div>
  </div>
</DocumentFragment>
`;
